---
source: crates/gameready-cli/tests/snapshots.rs
expression: "run_with(&[\"explain\", \"core.sysctl.max-map-count\"], | _, _ | {})"
---
exit code: 0
----- stdout -----
Raise vm.max_map_count for Proton titles  core.sysctl.max-map-count

  Why       Some Proton games map far more memory regions than the kernel default allows and refuse
            to start. Raising the cap to the value SteamOS uses costs nothing: it limits how many
            mappings a process may hold, not how much memory it may use.
  Gets      Proton games that need many memory regions start, instead of refusing to.

  Needs     your password, because it changes something outside your home
  Here      would apply

  Would do  vm.max_map_count 1048576 -> 2147483642
            create /etc/sysctl.d/99-gameready.conf
            set vm.max_map_count from 1048576 to 2147483642

  Undo      gameready rollback
----------------------------------------------------------------------------------------------------

----- stderr -----
