---
source: crates/gameready-cli/tests/snapshots.rs
expression: "run_with(&[\"explain\"], Reads :: Fixture, | _, _ | {})"
---
exit code: 0
----- stdout -----
9 tunings, in the order a run works through them

System
  core.conflicts            Daemons that fight gamemode
  core.sysctl.max-map-count Memory maps for Proton titles
  core.io.scheduler         An I/O scheduler per disk
  core.memory.swappiness    Swappiness for zram
  core.pkg.tools            gamemode and mangohud
  core.proton.ge            Latest Proton-GE
  core.repo.scx-ppa         The scx repository, Debian only
  core.sched.scx-lavd       The scx_lavd CPU scheduler
  core.cpu.governor         Full CPU speed, when nothing else asks for it

Per game
  game.steam.launch-options Steam launch options
  game.steam.proton         A pinned Proton build

  Ask about any one: gameready explain core.io.scheduler
----------------------------------------------------------------------------------------------------

----- stderr -----
