---
source: crates/gameready-cli/tests/snapshots.rs
expression: "run_with(&[\"apply\", \"--dry-run\", \"--yes\"], Reads :: Fixture, | _, _ | {})"
---
exit code: 0
----- stdout -----

1 package to install · 5 MB

  ┃ mangohud · 5 MB
  ┃ draws frame rate, frame times and temperatures over the game
  ┃ so you can check whether any of this actually helped

  ! Rollback restores your config, but leaves packages installed. Removing them is your call, not
    mine.

Dry run. 4 would apply · 2 already set · 5 not applicable

  • Competing daemons      no competing daemons found
  - split lock             this kernel has no split-lock detector
  - vm latency             this kernel exposes none of these parameters
  • I/O schedulers         nvme0n1 on none
  - Swappiness             swap is on disk, not zram; the default swappiness is right
  - shader cache           no NVIDIA, AMD, or Intel GPU found
  - Proton-GE              Steam root not found
  - vm.max_map_count       dry run
  - gamemode + mangohud    dry run
  - CPU speed              dry run
  - gamemode.ini           dry run

  Nothing was touched. Drop --dry-run to apply.
----------------------------------------------------------------------------------------------------

----- stderr -----
